// Jest Snapshot v1, https://goo.gl/fbAQLP

exports[`TEST = CHARACTERLIST TEST = CHARACTERLIST = SNAPSHOT 1`] = `
<Fields
  detailList={
    Array [
      "name",
      "gender",
      "height",
      "hair_color",
      "skin_color",
      "eye_color",
      "birth_year",
      "mass",
    ]
  }
  details={
    Object {
      "birth_year": "41.9BBY",
      "eye_color": "blue",
      "gender": "male",
      "hair_color": "blond",
      "height": "188",
      "mass": "84",
      "name": "Anakin Skywalker",
      "skin_color": "fair",
    }
  }
/>
`;
